// Jest Snapshot v1, https://goo.gl/fbAQLP

exports[`render Calculator buttons 1`] = `
<ul
  class="calc__action-buttons-list"
  data-testid="calculatorButtons"
>
  <li
    class="calc__action-button-wrapper"
  >
    <button
      class="calc__action-button"
      type="button"
      value="C"
    >
      C
    </button>
  </li>
  <li
    class="calc__action-button-wrapper"
  >
    <button
      class="calc__action-button"
      type="button"
      value="√"
    >
      √
    </button>
  </li>
  <li
    class="calc__action-button-wrapper"
  >
    <button
      class="calc__action-button"
      type="button"
      value="%"
    >
      %
    </button>
  </li>
  <li
    class="calc__action-button-wrapper"
  >
    <button
      class="calc__action-button"
      type="button"
      value="/"
    >
      /
    </button>
  </li>
  <li
    class="calc__action-button-wrapper"
  >
    <button
      class="calc__action-button"
      type="button"
      value="7"
    >
      7
    </button>
  </li>
  <li
    class="calc__action-button-wrapper"
  >
    <button
      class="calc__action-button"
      type="button"
      value="8"
    >
      8
    </button>
  </li>
  <li
    class="calc__action-button-wrapper"
  >
    <button
      class="calc__action-button"
      type="button"
      value="9"
    >
      9
    </button>
  </li>
  <li
    class="calc__action-button-wrapper"
  >
    <button
      class="calc__action-button"
      type="button"
      value="×"
    >
      ×
    </button>
  </li>
  <li
    class="calc__action-button-wrapper"
  >
    <button
      class="calc__action-button"
      type="button"
      value="4"
    >
      4
    </button>
  </li>
  <li
    class="calc__action-button-wrapper"
  >
    <button
      class="calc__action-button"
      type="button"
      value="5"
    >
      5
    </button>
  </li>
  <li
    class="calc__action-button-wrapper"
  >
    <button
      class="calc__action-button"
      type="button"
      value="6"
    >
      6
    </button>
  </li>
  <li
    class="calc__action-button-wrapper"
  >
    <button
      class="calc__action-button"
      type="button"
      value="-"
    >
      -
    </button>
  </li>
  <li
    class="calc__action-button-wrapper"
  >
    <button
      class="calc__action-button"
      type="button"
      value="1"
    >
      1
    </button>
  </li>
  <li
    class="calc__action-button-wrapper"
  >
    <button
      class="calc__action-button"
      type="button"
      value="2"
    >
      2
    </button>
  </li>
  <li
    class="calc__action-button-wrapper"
  >
    <button
      class="calc__action-button"
      type="button"
      value="3"
    >
      3
    </button>
  </li>
  <li
    class="calc__action-button-wrapper"
  >
    <button
      class="calc__action-button"
      type="button"
      value="+"
    >
      +
    </button>
  </li>
  <li
    class="calc__action-button-wrapper"
  >
    <button
      class="calc__action-button"
      type="button"
      value="00"
    >
      00
    </button>
  </li>
  <li
    class="calc__action-button-wrapper"
  >
    <button
      class="calc__action-button"
      type="button"
      value="0"
    >
      0
    </button>
  </li>
  <li
    class="calc__action-button-wrapper"
  >
    <button
      class="calc__action-button"
      type="button"
      value=","
    >
      ,
    </button>
  </li>
  <li
    class="calc__action-button-wrapper"
  >
    <button
      class="calc__action-button"
      type="button"
      value="="
    >
      =
    </button>
  </li>
</ul>
`;
