// Jest Snapshot v1, https://goo.gl/fbAQLP

exports[`render Calc result list 1`] = `
<ul
  class="calc__result-list"
  data-testid="resultList"
>
  <li
    class="calc__result-item"
    id="result-0"
  >
    1 + 1 = 2
  </li>
  <li
    class="calc__result-item"
    id="result-1"
  >
    3 / 2 = 1,5
  </li>
  <li
    class="calc__result-item"
    id="result-2"
  >
    10 - 2 = 8
  </li>
</ul>
`;
